// Jest Snapshot v1, https://goo.gl/fbAQLP

exports[`Pruebas en el <SearchPage /> Debe de mostar el componente con valores por defecto 1`] = `
<div>
  <div
    class="row container mt-5"
  >
    <div
      class="col-5"
    >
      <form
        aria-label="form"
      >
        <input
          class="form-control"
          name="searchText"
          placeholder="Example: test1.csv"
          type="text"
          value=""
        />
        <button
          class="mt-2 btn btn-outline-primary"
        >
          Search
        </button>
      </form>
    </div>
    <div
      class="col-7"
    >
      <h4>
        Results
      </h4>
      <hr />
      <div
        aria-label="alert-primary"
        class="alert alert-primary"
      >
        Search a File
      </div>
      <table
        class="table table-striped table-bordered container mt-4 text-center "
      >
        <thead>
          <tr>
            <th>
              FileName
            </th>
            <th>
              Text
            </th>
            <th>
              Number
            </th>
            <th>
              Hex
            </th>
          </tr>
        </thead>
        <tbody>
          <tr>
            <td
              aria-label="no-results"
              colspan="4"
            >
              No Results
            </td>
          </tr>
        </tbody>
      </table>
    </div>
  </div>
</div>
`;
